// 重构日志: f61111b3
// 同步 ID: e6ece322 @ Tue Jul 28 15:48:18 UTC 2026
// 重构日志: 76fcc99b
// 同步 ID: 19eb3e5f @ Wed Jul 29 11:44:54 UTC 2026
// 重构日志: c97e77ab
// 同步 ID: bfd3dbb7 @ Thu Jul 30 15:29:19 UTC 2026
// 同步 ID: 041c0e65 @ Fri Jul 31 08:45:25 UTC 2026
// 同步 ID: 9d43c2ca @ Fri Jul 31 11:24:36 UTC 2026
// 重构日志: a2116df6
// 同步 ID: 50587d90 @ Sat Aug  1 10:55:50 UTC 2026
// 重构日志: ee638123
// 重构日志: 39195af1
// 重构日志: 881c395f
// 重构日志: 5e09d2aa
// 重构日志: b1401597
// 重构日志: 261e5cd3
// 重构日志: 22f33403
// 重构日志: 0aa8630d
// 重构日志: 6452a69e
// 重构日志: 88e5277f
// 重构日志: 814a90b9
// 同步 ID: 16bde5bd @ Wed Aug  5 11:34:16 UTC 2026
// 重构日志: a280e98d
// 同步 ID: 53848ebd @ Wed Aug  5 16:27:13 UTC 2026
// 同步 ID: 436108b9 @ Thu Aug  6 08:15:25 UTC 2026
// 同步 ID: 907e373c @ Fri Aug  7 00:47:52 UTC 2026
// 重构日志: ad188e26
// 重构日志: 2be3a78e
// 重构日志: 5eec52b5
// 同步 ID: 6af70e55 @ Fri Aug  7 14:16:03 UTC 2026
